[138.197.118.185/platinum-demo/index.html]
[backblue.gif]
[fade.gif]
[index.html]
[138.197.118.185/platinum-demo/favicon.png]
[138.197.118.185/platinum-demo/apple-touch-icon.png]
[138.197.118.185/platinum-demo/assets/plugins/font-awesome/css/font-awesome.min.css]
[138.197.118.185/platinum-demo/assets/plugins/pixeden-icon/pe-icon-7-stroke/css/pe-icon-7-stroke.css]
[138.197.118.185/platinum-demo/assets/plugins/owl-carousel/dist/assets/owl.carousel.min.css]
[138.197.118.185/platinum-demo/assets/plugins/owl-carousel/dist/assets/owl.theme.default.min.css]
[138.197.118.185/platinum-demo/assets/plugins/bootstrap/dist/css/bootstrap.min.css]
[138.197.118.185/platinum-demo/assets/plugins/animate/animate.css]
[138.197.118.185/platinum-demo/assets/images/logo.png]
[138.197.118.185/platinum-demo/assets/images/profile.jpg]
[138.197.118.185/platinum-demo/assets/css/main.css]
[138.197.118.185/platinum-demo/fixed-nav.html]
[138.197.118.185/platinum-demo/index-2.html]
[138.197.118.185/platinum-demo/form.html]
[138.197.118.185/platinum-demo/form-validation.html]
[138.197.118.185/platinum-demo/form-wizard.html]
[138.197.118.185/platinum-demo/button.html]
[138.197.118.185/platinum-demo/dropzone.html]
[138.197.118.185/platinum-demo/ckeditor.html]
[138.197.118.185/platinum-demo/table.html]
[138.197.118.185/platinum-demo/datatable.html]
[138.197.118.185/platinum-demo/chart.html]
[138.197.118.185/platinum-demo/login.html]
[138.197.118.185/platinum-demo/invoice.html]
[138.197.118.185/platinum-demo/register.html]
[138.197.118.185/platinum-demo/lock-screen.html]
[138.197.118.185/platinum-demo/chat.html]
[138.197.118.185/platinum-demo/media.html]
[138.197.118.185/platinum-demo/404.html]
[138.197.118.185/platinum-demo/compact-nav.html]
[138.197.118.185/platinum-demo/500.html]
[138.197.118.185/platinum-demo/blank.html]
[138.197.118.185/platinum-demo/calendar.html]
[138.197.118.185/platinum-demo/batch-icon.html]
[138.197.118.185/platinum-demo/dripicon-icon.html]
[138.197.118.185/platinum-demo/fontawesome-icon.html]
[138.197.118.185/platinum-demo/eightyshades-icon.html]
[138.197.118.185/platinum-demo/dash-icon.html]
[138.197.118.185/platinum-demo/foundation-icon.html]
[138.197.118.185/platinum-demo/simple-line-icon.html]
[138.197.118.185/platinum-demo/metrize-icon.html]
[138.197.118.185/platinum-demo/weather-icon.html]
[138.197.118.185/platinum-demo/assets/images/portfolio1.jpg]
[138.197.118.185/platinum-demo/type-icon.html]
[138.197.118.185/platinum-demo/assets/images/portfolio2.jpg]
[138.197.118.185/platinum-demo/assets/images/portfolio3.jpg]
[138.197.118.185/platinum-demo/themify-icon.html]
[138.197.118.185/platinum-demo/assets/images/portfolio4.jpg]
[138.197.118.185/platinum-demo/assets/plugins/jquery/jquery-2.1.1.min.js]
[138.197.118.185/platinum-demo/assets/plugins/owl-carousel/dist/owl.carousel.min.js]
[138.197.118.185/platinum-demo/assets/plugins/tether/dist/js/tether.min.js]
[138.197.118.185/platinum-demo/assets/plugins/slimscroll/jquery.slimscroll.min.js]
[138.197.118.185/platinum-demo/assets/plugins/bootstrap/dist/js/bootstrap.min.js]
[138.197.118.185/platinum-demo/assets/plugins/nanobar/nanobar.min.js]
[138.197.118.185/platinum-demo/index.html]
[138.197.118.185/platinum-demo/index-2.html]
[138.197.118.185/platinum-demo/fixed-nav.html]
[138.197.118.185/platinum-demo/compact-nav.html]
[138.197.118.185/platinum-demo/assets/js/app.js]
[138.197.118.185/platinum-demo/assets/plugins/select2/dist/css/select2.min.css]
[138.197.118.185/platinum-demo/form.html]
[138.197.118.185/platinum-demo/assets/plugins/bootstrap-daterangepicker/daterangepicker.js]
[138.197.118.185/platinum-demo/assets/plugins/select2/dist/js/select2.full.min.js]
[138.197.118.185/platinum-demo/assets/plugins/datatable/media/css/jquery.dataTables.min.css]
[138.197.118.185/platinum-demo/assets/plugins/datatable/media/css/dataTables.bootstrap4.min.css]
[138.197.118.185/platinum-demo/assets/plugins/moment/min/moment.min.js]
[138.197.118.185/platinum-demo/form-validation.html]
[138.197.118.185/platinum-demo/button.html]
[138.197.118.185/platinum-demo/form-wizard.html]
[138.197.118.185/platinum-demo/assets/plugins/bootstrap-validator/dist/validator.min.js]
[138.197.118.185/platinum-demo/assets/plugins/dropzone/dist/dropzone.css]
[138.197.118.185/platinum-demo/assets/plugins/chart.js/dist/Chart.min.js]
[138.197.118.185/platinum-demo/dropzone.html]
[138.197.118.185/platinum-demo/assets/plugins/batch-icons/style.css]
[138.197.118.185/platinum-demo/ckeditor.html]
[138.197.118.185/platinum-demo/table.html]
[138.197.118.185/platinum-demo/assets/plugins/datatable/media/js/dataTables.bootstrap4.min.js]
[138.197.118.185/platinum-demo/datatable.html]
[138.197.118.185/platinum-demo/chart.html]
[138.197.118.185/platinum-demo/assets/plugins/datatable/media/js/jquery.dataTables.min.js]
[138.197.118.185/platinum-demo/assets/plugins/dropzone/dist/dropzone.js]
[138.197.118.185/platinum-demo/invoice.html]
[138.197.118.185/platinum-demo/login.html]
[138.197.118.185/platinum-demo/register.html]
[138.197.118.185/platinum-demo/lock-screen.html]
[138.197.118.185/platinum-demo/assets/images/logo-blue.png]
[138.197.118.185/platinum-demo/assets/images/chocolate.jpg]
[138.197.118.185/platinum-demo/assets/plugins/fancybox/dist/jquery.fancybox.min.css]
[138.197.118.185/platinum-demo/assets/images/asparagus.jpg]
[138.197.118.185/platinum-demo/assets/plugins/dashicons/style.css]
[138.197.118.185/platinum-demo/assets/images/belts.jpg]
[138.197.118.185/platinum-demo/assets/images/bulldozer.jpg]
[138.197.118.185/platinum-demo/assets/plugins/ckeditor/ckeditor.js]
[138.197.118.185/platinum-demo/media.html]
[138.197.118.185/platinum-demo/chat.html]
[138.197.118.185/platinum-demo/404.html]
[138.197.118.185/platinum-demo/500.html]
[138.197.118.185/platinum-demo/blank.html]
[138.197.118.185/platinum-demo/assets/images/profile-woman.jpg]
[138.197.118.185/platinum-demo/assets/plugins/fullcalendar/dist/fullcalendar.css]
[138.197.118.185/platinum-demo/assets/plugins/fancybox/dist/jquery.fancybox.min.js]
[138.197.118.185/platinum-demo/calendar.html]
[138.197.118.185/platinum-demo/fontawesome-icon.html]
[138.197.118.185/platinum-demo/batch-icon.html]
[138.197.118.185/platinum-demo/dash-icon.html]
[138.197.118.185/app/images/favicon.html]
[138.197.118.185/platinum-demo/assets/plugins/fullcalendar/dist/fullcalendar.js]
[138.197.118.185/platinum-demo/dripicon-icon.html]
[138.197.118.185/app/css/assets.css]
[138.197.118.185/platinum-demo/eightyshades-icon.html]
[138.197.118.185/platinum-demo/assets/plugins/eightyshades/style.css]
[138.197.118.185/platinum-demo/foundation-icon.html]
[138.197.118.185/platinum-demo/assets/plugins/foundation-icons/foundation-icons.css]
[138.197.118.185/platinum-demo/assets/plugins/metrize-icons/style.css]
[138.197.118.185/platinum-demo/metrize-icon.html]
[138.197.118.185/platinum-demo/simple-line-icon.html]
[138.197.118.185/platinum-demo/assets/plugins/simple-line-icons/css/simple-line-icons.css]
[138.197.118.185/platinum-demo/themify-icon.html]
[138.197.118.185/platinum-demo/assets/plugins/themify-icons/themify-icons.css]
[138.197.118.185/platinum-demo/type-icon.html]
[138.197.118.185/platinum-demo/assets/plugins/type-icons/style.css]
[138.197.118.185/platinum-demo/weather-icon.html]
[138.197.118.185/platinum-demo/assets/images/logo.png]
[138.197.118.185/platinum-demo/assets/plugins/bootstrap/dist/css/bootstrap.min.css]
[138.197.118.185/platinum-demo/assets/images/profile.jpg]
[138.197.118.185/platinum-demo/assets/plugins/weather-icons/css/weather-icons.min.css]
[138.197.118.185/platinum-demo/assets/images/portfolio1.jpg]
[138.197.118.185/platinum-demo/assets/plugins/font-awesome/fonts/fontawesome-webfont3e6e.eot]
[138.197.118.185/platinum-demo/assets/plugins/font-awesome/fonts/fontawesome-webfontd41d.eot]
[138.197.118.185/platinum-demo/assets/images/portfolio2.jpg]
[138.197.118.185/platinum-demo/assets/images/portfolio3.jpg]
[138.197.118.185/platinum-demo/assets/images/portfolio4.jpg]
[138.197.118.185/platinum-demo/assets/plugins/font-awesome/fonts/fontawesome-webfont3e6e.woff]
[138.197.118.185/platinum-demo/assets/plugins/jquery/jquery-2.1.1.min.js]
[138.197.118.185/platinum-demo/assets/plugins/font-awesome/fonts/fontawesome-webfont3e6e.ttf]
[138.197.118.185/app/js/assets.js]
[138.197.118.185/platinum-demo/assets/plugins/font-awesome/css/font-awesome.min.css]
[138.197.118.185/platinum-demo/assets/plugins/owl-carousel/dist/owl.carousel.min.js]
[138.197.118.185/platinum-demo/assets/plugins/pixeden-icon/pe-icon-7-stroke/fonts/Pe-icon-7-strokebb1d.eot]
[138.197.118.185/platinum-demo/assets/plugins/pixeden-icon/pe-icon-7-stroke/fonts/Pe-icon-7-stroked41d.eot]
[138.197.118.185/app/js/vendor.js]
[138.197.118.185/platinum-demo/assets/plugins/tether/dist/js/tether.min.js]
[138.197.118.185/platinum-demo/assets/plugins/pixeden-icon/pe-icon-7-stroke/fonts/Pe-icon-7-strokebb1d.woff]
[138.197.118.185/platinum-demo/assets/plugins/bootstrap/dist/js/bootstrap.min.js]
[138.197.118.185/platinum-demo/assets/plugins/pixeden-icon/pe-icon-7-stroke/fonts/Pe-icon-7-strokebb1d.ttf]
[138.197.118.185/platinum-demo/assets/plugins/slimscroll/jquery.slimscroll.min.js]
[138.197.118.185/platinum-demo/assets/plugins/pixeden-icon/pe-icon-7-stroke/css/pe-icon-7-stroke.css]
[138.197.118.185/platinum-demo/assets/plugins/chart.js/dist/Chart.min.js]
[138.197.118.185/platinum-demo/assets/plugins/owl-carousel/dist/assets/owl.video.play.png]
[138.197.118.185/platinum-demo/assets/plugins/owl-carousel/dist/assets/owl.carousel.min.css]
[138.197.118.185/platinum-demo/assets/plugins/nanobar/nanobar.min.js]
[138.197.118.185/platinum-demo/assets/plugins/owl-carousel/dist/assets/owl.theme.default.min.css]
[138.197.118.185/platinum-demo/assets/js/app.js]
[138.197.118.185/platinum-demo/assets/plugins/animate/animate.css]
[138.197.118.185/platinum-demo/assets/plugins/moment/min/moment.min.js]
[138.197.118.185/platinum-demo/assets/images/select-arrow-black.png]
[138.197.118.185/platinum-demo/assets/plugins/select2/dist/js/select2.full.min.js]
[138.197.118.185/platinum-demo/assets/fonts/HelveticaNeue.ttf]
[138.197.118.185/platinum-demo/assets/plugins/bootstrap-daterangepicker/daterangepicker.js]
[138.197.118.185/platinum-demo/assets/css/main.css]
[138.197.118.185/platinum-demo/assets/plugins/bootstrap-validator/dist/validator.min.js]
[138.197.118.185/platinum-demo/index-2.html]
[138.197.118.185/platinum-demo/assets/plugins/datatable/media/js/jquery.dataTables.min.js]
[138.197.118.185/platinum-demo/assets/plugins/select2/dist/css/select2.min.css]
[138.197.118.185/platinum-demo/assets/plugins/dropzone/dist/dropzone.js]
[138.197.118.185/platinum-demo/assets/plugins/datatable/media/images/sort_both.png]
[138.197.118.185/platinum-demo/assets/plugins/datatable/media/images/sort_asc.png]
[138.197.118.185/platinum-demo/assets/plugins/datatable/media/images/sort_desc.png]
[138.197.118.185/platinum-demo/assets/plugins/datatable/media/images/sort_asc_disabled.png]
[138.197.118.185/platinum-demo/assets/plugins/datatable/media/css/jquery.dataTables.min.css]
[138.197.118.185/platinum-demo/assets/plugins/datatable/media/images/sort_desc_disabled.png]
[138.197.118.185/platinum-demo/assets/plugins/datatable/media/js/dataTables.bootstrap4.min.js]
[138.197.118.185/platinum-demo/assets/plugins/datatable/media/css/dataTables.bootstrap4.min.css]
[138.197.118.185/platinum-demo/assets/images/logo-blue.png]
[138.197.118.185/platinum-demo/assets/plugins/dropzone/dist/dropzone.css]
[138.197.118.185/platinum-demo/assets/images/chocolate.jpg]
[138.197.118.185/platinum-demo/assets/plugins/batch-icons/batch.woff]
[138.197.118.185/platinum-demo/assets/plugins/ckeditor/ckeditor.js]
[138.197.118.185/platinum-demo/assets/images/asparagus.jpg]
[138.197.118.185/platinum-demo/assets/images/belts.jpg]
[138.197.118.185/platinum-demo/assets/images/bulldozer.jpg]
[138.197.118.185/platinum-demo/assets/plugins/batch-icons/batch.ttf]
[138.197.118.185/platinum-demo/assets/plugins/batch-icons/style.css]
[138.197.118.185/platinum-demo/assets/plugins/fancybox/dist/jquery.fancybox.min.js]
[138.197.118.185/platinum-demo/assets/images/profile-woman.jpg]
[138.197.118.185/platinum-demo/assets/plugins/dashicons/dashicons.eot]
[138.197.118.185/platinum-demo/assets/plugins/dashicons/dashicons.ttf]
[138.197.118.185/platinum-demo/assets/plugins/dashicons/style.css]
[138.197.118.185/platinum-demo/assets/plugins/fancybox/dist/jquery.fancybox.min.css]
[138.197.118.185/platinum-demo/assets/plugins/fullcalendar/dist/fullcalendar.js]
[138.197.118.185/platinum-demo/assets/plugins/fullcalendar/dist/fullcalendar.css]
[138.197.118.185/app/images/favicon.html]
[138.197.118.185/images/sort_both01df.png]
[138.197.118.185/images/sort_asc992f.png]
[138.197.118.185/images/sort_desc731d.png]
[138.197.118.185/images/sort_asc_disabled03f0.png]
[138.197.118.185/images/sort_desc_disabled285b.png]
[138.197.118.185/app/js/assets.js]
[138.197.118.185/app/js/vendor.js]
[138.197.118.185/platinum-demo/assets/plugins/owl-carousel/dist/assets/owl.video.play.png]
[138.197.118.185/images/owl.video.play9a7d.png]
[138.197.118.185/images/bulldozerac27.jpg]
[138.197.118.185/images/select-arrow-black0dcb.png]
[138.197.118.185/app/css/assets.css]
[138.197.118.185/platinum-demo/assets/images/select-arrow-black.png]
[138.197.118.185/platinum-demo/assets/plugins/eightyshades/fonts/eightyshades.eot]
[138.197.118.185/platinum-demo/assets/plugins/eightyshades/fonts/eightyshadesd41d.eot]
[138.197.118.185/platinum-demo/assets/plugins/eightyshades/fonts/eightyshades.woff]
[138.197.118.185/platinum-demo/assets/plugins/eightyshades/fonts/eightyshades.ttf]
[138.197.118.185/platinum-demo/assets/plugins/eightyshades/style.css]
[138.197.118.185/platinum-demo/assets/fonts/HelveticaNeue.ttf]
[138.197.118.185/platinum-demo/assets/plugins/foundation-icons/foundation-icons.eot]
[138.197.118.185/platinum-demo/assets/plugins/foundation-icons/foundation-iconsd41d.eot]
[138.197.118.185/platinum-demo/assets/plugins/foundation-icons/foundation-icons.woff]
[138.197.118.185/platinum-demo/assets/plugins/foundation-icons/foundation-icons.ttf]
[138.197.118.185/platinum-demo/assets/plugins/foundation-icons/foundation-icons.css]
[138.197.118.185/platinum-demo/assets/plugins/datatable/media/images/sort_both.png]
[138.197.118.185/platinum-demo/assets/plugins/metrize-icons/fonts/Metrize-Icons.eot]
[138.197.118.185/platinum-demo/assets/plugins/metrize-icons/fonts/Metrize-Iconsd41d.eot]
[138.197.118.185/platinum-demo/assets/plugins/datatable/media/images/sort_asc.png]
[138.197.118.185/platinum-demo/assets/plugins/datatable/media/images/sort_desc.png]
[138.197.118.185/platinum-demo/assets/plugins/metrize-icons/fonts/Metrize-Icons.woff]
[138.197.118.185/platinum-demo/assets/plugins/metrize-icons/fonts/Metrize-Icons.ttf]
[138.197.118.185/platinum-demo/assets/plugins/metrize-icons/style.css]
[138.197.118.185/platinum-demo/assets/plugins/datatable/media/images/sort_asc_disabled.png]
[138.197.118.185/platinum-demo/assets/plugins/simple-line-icons/fonts/Simple-Line-Iconsb26c.eot]
[138.197.118.185/platinum-demo/assets/plugins/datatable/media/images/sort_desc_disabled.png]
[138.197.118.185/platinum-demo/assets/plugins/simple-line-icons/fonts/Simple-Line-Iconsb26c.ttf]
[138.197.118.185/platinum-demo/assets/plugins/simple-line-icons/fonts/Simple-Line-Iconsb26c.woff]
[138.197.118.185/platinum-demo/assets/plugins/simple-line-icons/css/simple-line-icons.css]
[138.197.118.185/platinum-demo/assets/plugins/batch-icons/batch.woff]
[138.197.118.185/platinum-demo/assets/plugins/themify-icons/fonts/themify9f24.eot]
[138.197.118.185/platinum-demo/assets/plugins/batch-icons/batch.ttf]
[138.197.118.185/platinum-demo/assets/plugins/dashicons/dashicons.eot]
[138.197.118.185/platinum-demo/assets/plugins/dashicons/dashicons.ttf]
[138.197.118.185/platinum-demo/assets/plugins/themify-icons/fonts/themifyd41d.eot]
[138.197.118.185/platinum-demo/assets/plugins/themify-icons/fonts/themify9f24.woff]
[138.197.118.185/platinum-demo/assets/plugins/themify-icons/fonts/themify9f24.ttf]
[138.197.118.185/platinum-demo/assets/plugins/themify-icons/themify-icons.css]
[138.197.118.185/platinum-demo/assets/plugins/type-icons/typicons.eot]
[138.197.118.185/platinum-demo/assets/plugins/type-icons/typicons.woff]
[138.197.118.185/platinum-demo/assets/plugins/type-icons/typicons.ttf]
[138.197.118.185/platinum-demo/assets/plugins/type-icons/style.css]
[138.197.118.185/platinum-demo/assets/plugins/weather-icons/font/weathericons-regular-webfont.eot]
[138.197.118.185/platinum-demo/assets/plugins/weather-icons/font/weathericons-regular-webfontd41d.eot]
[138.197.118.185/platinum-demo/assets/plugins/weather-icons/font/weathericons-regular-webfont.woff]
[138.197.118.185/platinum-demo/assets/plugins/weather-icons/font/weathericons-regular-webfont.ttf]
[138.197.118.185/platinum-demo/assets/plugins/weather-icons/css/weather-icons.min.css]
[138.197.118.185/platinum-demo/assets/plugins/font-awesome/fonts/fontawesome-webfont3e6e.html]
[138.197.118.185/platinum-demo/assets/plugins/font-awesome/fonts/fontawesome-webfont3e6e.svg]
[138.197.118.185/platinum-demo/assets/plugins/pixeden-icon/pe-icon-7-stroke/fonts/Pe-icon-7-strokebb1d.svg]
[138.197.118.185/platinum-demo/assets/plugins/batch-icons/batch.svg]
[138.197.118.185/fonts/fontawesome-webfont2f98.svg]
[138.197.118.185/platinum-demo/assets/plugins/eightyshades/fonts/eightyshades.eot]
[138.197.118.185/images/batch711e.svg]
[138.197.118.185/fonts/dripicons-v2e376.svg]
[138.197.118.185/platinum-demo/assets/plugins/eightyshades/fonts/eightyshades.woff]
[138.197.118.185/fonts/eightyshades0093.svg]
[138.197.118.185/platinum-demo/assets/plugins/eightyshades/fonts/eightyshades.ttf]
[138.197.118.185/images/foundation-icons3160.svg]
[138.197.118.185/fonts/Metrize-Icons6f71.svg]
[138.197.118.185/platinum-demo/assets/plugins/foundation-icons/foundation-icons.eot]
[138.197.118.185/fonts/Simple-Line-Icons8c21.svg]
[138.197.118.185/platinum-demo/assets/plugins/foundation-icons/foundation-icons.woff]
[138.197.118.185/fonts/themify15ac.svg]
[138.197.118.185/platinum-demo/assets/plugins/foundation-icons/foundation-icons.ttf]
[138.197.118.185/images/typiconse287.svg]
[138.197.118.185/fonts/weathericons-regular-webfontb6aa.svg]
[138.197.118.185/platinum-demo/assets/plugins/metrize-icons/fonts/Metrize-Icons.eot]
[138.197.118.185/fonts/Pe-icon-7-stroke0e0b.svg]
[138.197.118.185/platinum-demo/assets/plugins/metrize-icons/fonts/Metrize-Icons.woff]
[138.197.118.185/platinum-demo/assets/plugins/eightyshades/fonts/eightyshades.svg]
[138.197.118.185/platinum-demo/assets/plugins/metrize-icons/fonts/Metrize-Icons.ttf]
[138.197.118.185/platinum-demo/assets/plugins/foundation-icons/foundation-icons.svg]
[138.197.118.185/platinum-demo/assets/plugins/metrize-icons/fonts/Metrize-Icons.svg]
[138.197.118.185/platinum-demo/assets/plugins/simple-line-icons/fonts/Simple-Line-Iconsb26c.html]
[138.197.118.185/platinum-demo/assets/plugins/simple-line-icons/fonts/Simple-Line-Iconsb26c.svg]
[138.197.118.185/platinum-demo/assets/plugins/type-icons/typicons.eot]
[138.197.118.185/platinum-demo/assets/plugins/themify-icons/fonts/themify9f24.svg]
[138.197.118.185/platinum-demo/assets/plugins/weather-icons/font/weathericons-regular-webfont.eot]
[138.197.118.185/platinum-demo/assets/plugins/type-icons/typicons.svg]
[138.197.118.185/platinum-demo/assets/plugins/weather-icons/font/weathericons-regular-webfont.html]
[138.197.118.185/platinum-demo/assets/plugins/weather-icons/font/weathericons-regular-webfont.woff]
[138.197.118.185/platinum-demo/assets/plugins/weather-icons/font/weathericons-regular-webfont.svg]
